// Jest Snapshot v1, https://goo.gl/fbAQLP

exports[`NavtabsComponent renders into nav element 1`] = `
<nav
  className="nav"
>
  <NavLink
    activeClassName="linkActive"
    className="link"
    to="/timetable/sem-1"
  >
    <Calendar />
    <span
      className="title"
    >
      Timetable
    </span>
  </NavLink>
  <NavLink
    activeClassName="linkActive"
    className="link"
    to={
      Object {
        "pathname": "/modules",
        "search": "?sem[0]=1&sem[1]=2&sem[2]=3&sem[3]=4",
      }
    }
  >
    <BookOpen />
    <span
      className="title"
    >
      Modules
    </span>
  </NavLink>
  <NavLink
    activeClassName="linkActive"
    className="link"
    onFocus={[Function]}
    onMouseOver={[Function]}
    to="/venues"
  >
    <Map />
    <span
      className="title"
    >
      Venues
    </span>
  </NavLink>
  <NavLink
    activeClassName="linkActive"
    className="link"
    to="/settings"
  >
    <Settings />
    <span
      className="title"
    >
      Settings
    </span>
  </NavLink>
  <NavLink
    activeClassName="linkActive"
    className="link hiddenOnMobile"
    onFocus={[Function]}
    onMouseOver={[Function]}
    to="/contribute"
  >
    <Star />
    <span
      className="title"
    >
      Contribute
    </span>
  </NavLink>
  <div
    className="divider"
  />
  <ExternalLink
    className="link hiddenOnMobile"
    href="https://nuswhispers.com"
  >
    <Heart />
    <span
      className="title"
    >
      Whispers
    </span>
  </ExternalLink>
</nav>
`;
