// Jest Snapshot v1, https://goo.gl/fbAQLP

exports[`VenuesContainer #filteredVenues() should filter venues correctly 1`] = `
Array [
  "LT17",
  "lt2",
  "S11-0302",
  "LT1",
  "CQT/SR0622",
]
`;
