// Jest Snapshot v1, https://goo.gl/fbAQLP

exports[`should dispatch a module code for hiding 1`] = `
Object {
  "payload": "CS1010",
  "type": "HIDE_LESSON_IN_TIMETABLE",
}
`;

exports[`should dispatch a module code for showing 1`] = `
Object {
  "payload": "CS1020",
  "type": "SHOW_LESSON_IN_TIMETABLE",
}
`;

exports[`should dispatch a select of a faculty value 1`] = `
Object {
  "payload": "Some faculty",
  "type": "SELECT_FACULTY",
}
`;

exports[`should dispatch a select of a newStudent value 1`] = `
Object {
  "payload": false,
  "type": "SELECT_NEW_STUDENT",
}
`;

exports[`should dispatch a select of a semester value 1`] = `
Object {
  "payload": 1,
  "type": "SELECT_SEMESTER",
}
`;
