// Jest Snapshot v1, https://goo.gl/fbAQLP

exports[`HeaderDate render date as day of week if offset more than one 1`] = `
<time
  dateTime="2016-11-23T01:00:00.000Z"
>
  <span
    className="date"
  >
    23rd November
  </span>
   
  Wednesday
</time>
`;

exports[`HeaderDate render date as day of week if offset more than one 2`] = `
<time
  dateTime="2016-11-23T01:00:00.000Z"
>
  <span
    className="date"
  >
    23rd November
  </span>
   
  Wednesday
</time>
`;
