// Jest Snapshot v1, https://goo.gl/fbAQLP

exports[`settings should dispatch a select of a faculty value 1`] = `
{
  "payload": "Some faculty",
  "type": "SELECT_FACULTY",
}
`;

exports[`settings should dispatch a select of a newStudent value 1`] = `
{
  "payload": false,
  "type": "SELECT_NEW_STUDENT",
}
`;

exports[`settings should dispatch a select of a semester value 1`] = `
{
  "payload": 1,
  "type": "SELECT_SEMESTER",
}
`;

exports[`settings should dispatch a selection of a mode 1`] = `
{
  "payload": "LIGHT",
  "type": "SELECT_MODE",
}
`;

exports[`settings should dispatch a toggle of a mode 1`] = `
{
  "payload": null,
  "type": "TOGGLE_MODE",
}
`;
