// Jest Snapshot v1, https://goo.gl/fbAQLP

exports[`VenueList it calls onSelect when a row is clicked 1`] = `
Array [
  "LT17",
  "/venues/LT17",
  <li
    class="venueDetailRow"
  >
    <a
      href="/venues/LT17"
    >
      <h4>
        LT17
      </h4>
    </a>
  </li>,
]
`;
