// Jest Snapshot v1, https://goo.gl/fbAQLP

exports[`VenueDetailRow it displays an anchor tag and a timetable when expanded 1`] = `
<li
  className="venueDetailRow"
>
  <a
    href="/venues/CQT%2FSR0622"
    onClick={[Function]}
  >
    <h4>
      CQT/SR0622
    </h4>
  </a>
  <div
    className="venueTimetable"
  >
    <Timetable
      isScrolledHorizontally={false}
      isVerticalOrientation={false}
      lessons={
        Object {
          "Thursday": Array [
            Array [
              Object {
                "ClassNo": "ST4",
                "DayText": "Thursday",
                "EndTime": "1500",
                "LessonType": "Tutorial",
                "ModuleCode": "PC2132",
                "ModuleTitle": "",
                "StartTime": "1400",
                "WeekText": "Every Week",
                "colorIndex": 0,
              },
              Object {
                "ClassNo": "ST5",
                "DayText": "Thursday",
                "EndTime": "1600",
                "LessonType": "Tutorial",
                "ModuleCode": "PC2132",
                "ModuleTitle": "",
                "StartTime": "1500",
                "WeekText": "Every Week",
                "colorIndex": 0,
              },
            ],
          ],
          "Wednesday": Array [
            Array [
              Object {
                "ClassNo": "ST1",
                "DayText": "Wednesday",
                "EndTime": "1100",
                "LessonType": "Tutorial",
                "ModuleCode": "PC4241",
                "ModuleTitle": "",
                "StartTime": "1000",
                "WeekText": "Every Week",
                "colorIndex": 1,
              },
              Object {
                "ClassNo": "ST2",
                "DayText": "Wednesday",
                "EndTime": "1400",
                "LessonType": "Tutorial",
                "ModuleCode": "PC2132",
                "ModuleTitle": "",
                "StartTime": "1300",
                "WeekText": "Every Week",
                "colorIndex": 0,
              },
              Object {
                "ClassNo": "ST3",
                "DayText": "Wednesday",
                "EndTime": "1700",
                "LessonType": "Tutorial",
                "ModuleCode": "PC4241",
                "ModuleTitle": "",
                "StartTime": "1600",
                "WeekText": "Every Week",
                "colorIndex": 1,
              },
            ],
          ],
        }
      }
      onModifyCell={[Function]}
      showTitle={false}
    />
  </div>
</li>
`;

exports[`VenueDetailRow it displays an anchor tag when not expanded 1`] = `
<li
  className="venueDetailRow"
>
  <a
    href="/venues/CQT%2FSR0622"
    onClick={[Function]}
  >
    <h4>
      CQT/SR0622
    </h4>
  </a>
</li>
`;
