// Jest Snapshot v1, https://goo.gl/fbAQLP

exports[`SearchBox should match snapshot 1`] = `
<div
  className=""
>
  <label
    className="sr-only"
    htmlFor="search-box"
  >
    Search
  </label>
  <form
    className="searchWrapper"
    onSubmit={[Function]}
  >
    <Search
      className="searchIcon"
      color="currentColor"
      size="24"
    />
    <input
      autoComplete="off"
      className="form-control form-control-lg"
      id="search-box"
      onBlur={[Function]}
      onChange={[Function]}
      onFocus={[Function]}
      placeholder=""
      spellCheck={true}
      type="search"
      value=""
    />
  </form>
</div>
`;

exports[`SearchBox should match snapshot 2`] = `
<div
  className=""
>
  <label
    className="sr-only"
    htmlFor="search-box"
  >
    Search
  </label>
  <form
    className="searchWrapper"
    onSubmit={[Function]}
  >
    <Search
      className="searchIcon"
      color="currentColor"
      size="24"
    />
    <input
      autoComplete="off"
      className="form-control form-control-lg"
      id="search-box"
      onBlur={[Function]}
      onChange={[Function]}
      onFocus={[Function]}
      placeholder="Testing testing 123"
      spellCheck={true}
      type="search"
      value="Hello world"
    />
  </form>
</div>
`;
